[*] Starting Tauri signed build...
[*] Root directory: C:\dev\Grain-Link
[!] Warning: Consider running as Administrator to avoid file access issues
[+] Found private key: C:\dev\Grain-Link\build\..\~\TAURI_KEY_PASSWORD.sh
[+] Using password from environment variable (user-level)
[+] Environment variables set
[*] Aggressive cleanup of previous build artifacts...
[*] Removing entire release target directory...
[*] Running cargo clean...
[*] Tauri directory: C:\dev\Grain-Link\src-tauri
powershell :      Removed 2 files, 1.3KiB total
発生場所 行:1 文字:1
+ powershell -ExecutionPolicy Bypass -File .\build\sign-and-build.ps1 2 ...
+ ~~~~~~~~~~~~~~~~~~~~~~~~~~~~~~~~~~~~~~~~~~~~~~~~~~~~~~~~~~~~~~~~~~~~~
    + CategoryInfo          : NotSpecified: (     Removed 2 files, 1.3KiB tota 
   l:String) [], RemoteException
    + FullyQualifiedErrorId : NativeCommandError
 
[*] Starting build...

> grain-link@0.2.0 tauri:build
> tauri build

        Info Looking up installed tauri packages to check mismatched versions..
.
        Warn The bundle identifier "com.grain-link.app" set in `"tauri.conf.jso
n" identifier` ends with `.app`. This is not recommended because it conflicts w
ith the application bundle extension on macOS.
     Running beforeBuildCommand `npm run build`

> grain-link@0.2.0 build
> tsc -b && vite build

[36mvite v7.3.1 [32mbuilding client environment for production...[36m[39m
transforming...
[32m笨・[39m 58 modules transformed.
rendering chunks...
computing gzip size...
[2mdist/[22m[32mindex.html                 [39m[1m[2m  0.41 kB[22m[1m[22m[2m 笏・gzip:  0.28 kB[22m
[2mdist/[22m[35massets/index-CeF3QVqU.css  [39m[1m[2m 18.49 kB[22m[1m[22m[2m 笏・gzip:  4.45 kB[22m
[2mdist/[22m[36massets/index-1vQ_LOYR.js   [39m[1m[2m234.55 kB[22m[1m[22m[2m 笏・gzip: 73.81 kB[22m
[32m笨・built in 953ms[39m
   Compiling proc-macro2 v1.0.106
   Compiling unicode-ident v1.0.24
   Compiling quote v1.0.44
   Compiling cfg-if v1.0.4
   Compiling serde_core v1.0.228
   Compiling zerocopy v0.8.39
   Compiling parking_lot_core v0.9.12
   Compiling icu_normalizer_data v2.1.1
   Compiling icu_properties_data v2.1.2
   Compiling zmij v1.0.21
   Compiling windows-link v0.2.1
   Compiling stable_deref_trait v1.2.1
   Compiling siphasher v1.0.2
   Compiling serde v1.0.228
   Compiling smallvec v1.15.1
   Compiling thiserror v2.0.18
   Compiling siphasher v0.3.11
   Compiling getrandom v0.1.16
   Compiling fnv v1.0.7
   Compiling typeid v1.0.3
   Compiling itoa v1.0.17
   Compiling getrandom v0.2.17
   Compiling windows-sys v0.61.2
   Compiling syn v1.0.109
   Compiling ident_case v1.0.1
   Compiling thiserror v1.0.69
   Compiling erased-serde v0.4.9
   Compiling memchr v2.8.0
   Compiling phf_shared v0.11.3
   Compiling find-msvc-tools v0.1.9
   Compiling litemap v0.8.1
   Compiling getrandom v0.4.1
   Compiling shlex v1.3.0
   Compiling rand_core v0.6.4
   Compiling strsim v0.11.1
   Compiling writeable v0.6.2
   Compiling windows_x86_64_msvc v0.52.6
   Compiling phf_shared v0.8.0
   Compiling proc-macro-hack v0.5.20+deprecated
   Compiling anyhow v1.0.101
   Compiling phf_shared v0.10.0
   Compiling new_debug_unreachable v1.0.6
   Compiling cc v1.2.56
   Compiling scopeguard v1.2.0
   Compiling serde_json v1.0.149
   Compiling bytes v1.11.1
   Compiling byteorder v1.5.0
   Compiling precomputed-hash v0.1.1
   Compiling libc v0.2.182
   Compiling winnow v0.7.14
   Compiling mac v0.1.1
   Compiling toml_datetime v0.7.5+spec-1.1.0
   Compiling serde_spanned v1.0.4
   Compiling lock_api v0.4.14
   Compiling rand_core v0.5.1
   Compiling semver v1.0.27
   Compiling bitflags v1.3.2
   Compiling utf8_iter v1.0.4
   Compiling percent-encoding v2.3.2
   Compiling autocfg v1.5.0
   Compiling syn v2.0.116
   Compiling windows_x86_64_msvc v0.53.1
   Compiling dtoa v1.0.11
   Compiling log v0.4.29
   Compiling futf v0.1.5
   Compiling ppv-lite86 v0.2.21
   Compiling toml_writer v1.0.6+spec-1.1.0
   Compiling utf-8 v0.7.6
   Compiling aho-corasick v1.1.4
   Compiling rand_pcg v0.2.1
   Compiling parking_lot v0.12.5
   Compiling regex-syntax v0.8.9
   Compiling uuid v1.21.0
   Compiling camino v1.2.2
   Compiling form_urlencoded v1.2.2
   Compiling nodrop v0.1.14
   Compiling convert_case v0.4.0
   Compiling dtoa-short v0.3.5
   Compiling pin-project-lite v0.2.16
   Compiling matches v0.1.10
   Compiling unic-char-range v0.9.0
   Compiling indexmap v1.9.3
   Compiling tendril v0.4.3
   Compiling unic-common v0.9.0
   Compiling alloc-no-stdlib v2.0.4
   Compiling rand_chacha v0.3.1
   Compiling rand_chacha v0.2.2
   Compiling toml_parser v1.0.8+spec-1.1.0
   Compiling servo_arc v0.2.0
   Compiling winapi-util v0.1.11
   Compiling fxhash v0.2.1
   Compiling phf v0.8.0
   Compiling once_cell v1.21.3
   Compiling equivalent v1.0.2
   Compiling unic-char-property v0.9.0
   Compiling unic-ucd-version v0.9.0
   Compiling alloc-stdlib v0.2.2
   Compiling schemars v0.8.22
   Compiling hashbrown v0.16.1
   Compiling rand v0.8.5
   Compiling rand v0.7.3
   Compiling hashbrown v0.12.3
   Compiling same-file v1.0.6
   Compiling cfb v0.7.3
   Compiling toml v0.9.12+spec-1.1.0
   Compiling regex-automata v0.4.14
   Compiling synstructure v0.13.2
   Compiling darling_core v0.21.3
   Compiling serde_derive_internals v0.29.1
   Compiling windows-targets v0.53.5
   Compiling unic-ucd-ident v0.9.0
   Compiling brotli-decompressor v5.0.0
   Compiling cssparser v0.29.6
   Compiling zerovec-derive v0.11.2
   Compiling serde_derive v1.0.228
   Compiling displaydoc v0.2.5
   Compiling thiserror-impl v2.0.18
   Compiling thiserror-impl v1.0.69
   Compiling cssparser-macros v0.6.1
   Compiling ctor v0.2.9
   Compiling phf_generator v0.11.3
   Compiling phf_generator v0.8.0
   Compiling phf_generator v0.10.0
   Compiling derive_more v0.99.20
   Compiling match_token v0.1.0
   Compiling indexmap v2.13.0
   Compiling dyn-clone v1.0.20
   Compiling phf_codegen v0.11.3
   Compiling zerofrom-derive v0.1.6
   Compiling yoke-derive v0.8.1
   Compiling phf_macros v0.11.3
   Compiling string_cache_codegen v0.5.4
   Compiling phf_macros v0.10.0
   Compiling phf_codegen v0.8.0
   Compiling dunce v1.0.5
   Compiling serde-untagged v0.1.9
   Compiling schemars_derive v0.8.22
   Compiling brotli v8.0.2
   Compiling windows-sys v0.60.2
   Compiling infer v0.19.0
   Compiling walkdir v2.5.0
   Compiling selectors v0.24.0
   Compiling glob v0.3.3
   Compiling version_check v0.9.5
   Compiling markup5ever v0.14.1
   Compiling http v1.4.0
   Compiling phf v0.11.3
   Compiling tokio-macros v2.6.0
   Compiling mio v1.1.1
   Compiling regex v1.12.3
   Compiling vswhom-sys v0.1.3
   Compiling windows-link v0.1.3
   Compiling phf v0.10.1
   Compiling tracing-core v0.1.36
   Compiling zerofrom v0.1.6
   Compiling futures-core v0.3.32
   Compiling darling_macro v0.21.3
   Compiling rustc_version v0.4.1
   Compiling option-ext v0.2.0
   Compiling windows-interface v0.59.3
   Compiling tracing v0.1.44
   Compiling windows-strings v0.4.2
   Compiling socket2 v0.6.2
   Compiling windows-result v0.3.4
   Compiling windows-implement v0.60.2
   Compiling windows-targets v0.52.6
   Compiling heck v0.5.0
   Compiling dirs-sys v0.5.0
   Compiling crc32fast v1.5.0
   Compiling yoke v0.8.1
   Compiling darling v0.21.3
   Compiling slab v0.4.12
   Compiling time-core v0.1.8
   Compiling typenum v1.19.0
   Compiling windows-sys v0.59.0
   Compiling powerfmt v0.2.0
   Compiling num-conv v0.2.0
   Compiling tokio v1.49.0
   Compiling windows-threading v0.1.0
   Compiling string_cache v0.8.9
   Compiling jsonptr v0.6.3
   Compiling cargo-platform v0.1.9
   Compiling cargo_toml v0.22.3
   Compiling generic-array v0.14.7
   Compiling dirs v6.0.0
   Compiling windows-core v0.61.2
   Compiling cookie v0.18.1
   Compiling time-macros v0.2.27
   Compiling deranged v0.5.6
   Compiling vswhom v0.1.0
   Compiling zerovec v0.11.5
   Compiling zerotrie v0.2.3
   Compiling serde_with_macros v3.16.1
   Compiling json-patch v3.0.1
   Compiling cargo_metadata v0.19.2
   Compiling futures-macro v0.3.32
   Compiling bitflags v2.11.0
   Compiling html5ever v0.29.1
   Compiling simd-adler32 v0.3.8
   Compiling windows-numerics v0.2.0
   Compiling time v0.3.47
   Compiling windows-future v0.2.1
   Compiling windows-collections v0.2.0
   Compiling futures-sink v0.3.32
   Compiling futures-io v0.3.32
   Compiling futures-task v0.3.32
   Compiling raw-window-handle v0.6.2
   Compiling tinystr v0.8.2
   Compiling potential_utf v0.1.4
   Compiling serde_with v3.16.1
   Compiling webview2-com-sys v0.38.2
   Compiling windows v0.61.3
   Compiling ring v0.17.14
   Compiling icu_collections v2.1.1
   Compiling icu_locale_core v2.1.1
   Compiling futures-util v0.3.32
   Compiling httparse v1.10.1
   Compiling adler2 v2.0.1
   Compiling winreg v0.55.0
   Compiling crossbeam-utils v0.8.21
   Compiling kuchikiki v0.8.8-speedreader
   Compiling miniz_oxide v0.8.9
   Compiling embed-resource v3.0.6
   Compiling dpi v0.1.2
   Compiling icu_provider v2.1.1
   Compiling try-lock v0.2.5
   Compiling zeroize v1.8.2
   Compiling tower-service v0.3.3
   Compiling tauri-winres v0.3.5
   Compiling tokio-util v0.7.18
   Compiling flate2 v1.1.9
   Compiling icu_properties v2.1.2
   Compiling icu_normalizer v2.1.1
   Compiling rustls-pki-types v1.14.0
   Compiling want v0.3.1
   Compiling crypto-common v0.1.7
   Compiling block-buffer v0.10.4
   Compiling fdeflate v0.3.7
   Compiling futures-channel v0.3.32
   Compiling webview2-com-macros v0.8.1
   Compiling windows-version v0.1.7
   Compiling untrusted v0.9.0
   Compiling unicode-segmentation v1.12.0
   Compiling idna_adapter v1.2.1
   Compiling png v0.17.16
   Compiling idna v1.1.0
   Compiling digest v0.10.7
   Compiling crossbeam-channel v0.5.15
   Compiling http-body v1.0.1
   Compiling wry v0.54.2
   Compiling tauri-runtime v2.10.0
   Compiling rustls v0.23.36
   Compiling url v2.5.8
   Compiling cpufeatures v0.2.17
   Compiling sha2 v0.10.9
   Compiling ico v0.5.0
   Compiling tauri-runtime-wry v2.10.0
   Compiling lazy_static v1.5.0
   Compiling getrandom v0.3.4
   Compiling subtle v2.6.1
   Compiling mime v0.3.17
   Compiling base64 v0.22.1
   Compiling windows_x86_64_msvc v0.48.5
   Compiling urlpattern v0.3.0
   Compiling atomic-waker v1.1.2
   Compiling keyboard-types v0.7.0
   Compiling softbuffer v0.4.8
   Compiling serialize-to-javascript-impl v0.1.2
   Compiling windows-result v0.4.1
   Compiling windows-strings v0.5.1
   Compiling pin-utils v0.1.0
   Compiling ipnet v2.11.0
   Compiling sync_wrapper v1.0.2
   Compiling serde_repr v0.1.20
   Compiling http-range v0.1.5
   Compiling tower-layer v0.3.3
   Compiling h2 v0.4.13
   Compiling webpki-roots v1.0.6
   Compiling http v0.2.12
   Compiling tauri-utils v2.8.2
   Compiling muda v0.17.1
   Compiling window-vibrancy v0.6.0
   Compiling windows-registry v0.6.1
   Compiling tower v0.5.3
   Compiling native-tls v0.2.16
   Compiling iri-string v0.7.10
   Compiling psl-types v2.0.11
   Compiling litrs v1.0.0
   Compiling serialize-to-javascript v0.1.2
   Compiling http-body-util v0.1.3
   Compiling windows-sys v0.52.0
   Compiling windows-targets v0.48.5
   Compiling schannel v0.1.28
   Compiling ryu v1.0.23
   Compiling publicsuffix v2.3.0
   Compiling http-body v0.4.6
   Compiling windows-sys v0.48.0
   Compiling h2 v0.3.27
   Compiling encoding_rs v0.8.35
   Compiling hyper v1.8.1
   Compiling tower-http v0.6.8
   Compiling socket2 v0.5.10
   Compiling rfd v0.16.0
   Compiling httpdate v1.0.3
   Compiling serde_urlencoded v0.7.1
   Compiling document-features v0.2.12
   Compiling fastrand v2.3.0
   Compiling base64 v0.21.7
   Compiling minisign-verify v0.2.4
   Compiling data-url v0.3.2
   Compiling rustls-webpki v0.103.9
   Compiling sync_wrapper v0.1.2
   Compiling hyper-util v0.1.20
   Compiling tempfile v3.25.0
   Compiling rustls-pemfile v1.0.4
   Compiling zip v4.6.1
   Compiling tokio-native-tls v0.3.1
   Compiling hyper v0.14.32
   Compiling cookie_store v0.22.1
   Compiling cookie_store v0.21.1
   Compiling dirs-sys v0.4.1
   Compiling winreg v0.50.0
   Compiling dirs v5.0.1
   Compiling tauri-plugin v2.5.3
   Compiling tauri-build v2.5.5
   Compiling tauri-codegen v2.5.4
   Compiling hyper-tls v0.5.0
   Compiling reqwest v0.11.27
   Compiling tokio-rustls v0.26.4
   Compiling rustls-platform-verifier v0.6.2
   Compiling hyper-rustls v0.27.7
   Compiling reqwest v0.13.2
   Compiling reqwest v0.12.28
   Compiling tauri v2.10.2
   Compiling tauri-plugin-fs v2.4.5
   Compiling tauri-macros v2.5.4
   Compiling tauri-plugin-updater v2.10.0
   Compiling tauri-plugin-process v2.3.1
   Compiling tauri-plugin-http v2.5.7
   Compiling tauri-plugin-dialog v2.6.0
   Compiling grain-link v0.0.0 (C:\dev\Grain-Link\src-tauri)
   Compiling tao v0.34.5
   Compiling webview2-com v0.38.2
    Finished `release` profile [optimized] target(s) in 3m 40s
       Built application at: C:\dev\Grain-Link\src-tauri\target\release\grain-l
ink.exe
        Info Target: x64
     Running candle for "C:\\dev\\Grain-Link\\src-tauri\\target\\release\\wix\\
x64\\main.wxs"
     Running light to produce C:\dev\Grain-Link\src-tauri\target\release\bundle
\msi\grain-link_0.2.0_x64_en-US.msi
        Info Target: x64
     Running makensis to produce C:\dev\Grain-Link\src-tauri\target\release\bun
dle\nsis\grain-link_0.2.0_x64-setup.exe
    Finished 2 bundles at:
        C:\dev\Grain-Link\src-tauri\target\release\bundle\msi\grain-link_0.2.0_
x64_en-US.msi
        C:\dev\Grain-Link\src-tauri\target\release\bundle\nsis\grain-link_0.2.0
_x64-setup.exe

[+] Build completed! Signature files (.sig) generated.
[*] Bundle output: C:\dev\Grain-Link\src-tauri\target\release\bundle
[*] MSI file: C:\dev\Grain-Link\src-tauri\target\release\bundle\msi\grain-link_0.2.0_x64_en-US.msi
[*] EXE file: C:\dev\Grain-Link\src-tauri\target\release\bundle\nsis\grain-link_0.2.0_x64-setup.exe
[*] Searching for latest.yml...
[!] Warning: latest.yml not found
    This file is essential for automatic updates
[*] latest.yml content:
============================================================
version: 0.1.3
files:
  - url: GrainLinkSetup-x64-0.1.3.exe
    sha512: DYhIEbDZW9PJABSBVfuE7vpY2KQBFQY5xQCrLhxewHNq8gm1JZDR+LXB/yuYL4kPmOW1zqmBC2zC/dTrKs8IBg==
path: GrainLinkSetup-x64-0.1.3.exe
sha512: DYhIEbDZW9PJABSBVfuE7vpY2KQBFQY5xQCrLhxewHNq8gm1JZDR+LXB/yuYL4kPmOW1zqmBC2zC/dTrKs8IBg==
releaseDate: '2026-02-13T05:32:14.815Z'
============================================================
[+] Signed build completed!
[*] Release files: C:\dev\Grain-Link\release
